// Jest Snapshot v1, https://goo.gl/fbAQLP

exports[`Card snapshot match test 1`] = `
<View
  style={
    Object {
      "borderBottomColor": "black",
      "borderBottomWidth": 1,
      "height": 100,
      "width": "100%",
    }
  }
>
  <View
    accessible={true}
    clickable={false}
    isTVSelectable={true}
    onClick={[Function]}
    onResponderGrant={[Function]}
    onResponderMove={[Function]}
    onResponderRelease={[Function]}
    onResponderTerminate={[Function]}
    onResponderTerminationRequest={[Function]}
    onStartShouldSetResponder={[Function]}
    style={
      Object {
        "alignItems": "center",
        "flex": 1,
        "opacity": 1,
        "padding": 10,
      }
    }
  >
    <View
      style={
        Object {
          "alignItems": "center",
          "flexDirection": "row",
        }
      }
    >
      <View
        style={
          Object {
            "flexDirection": "column",
            "width": "80%",
          }
        }
      >
        <Text
          style={
            Object {
              "fontSize": 20,
            }
          }
        />
      </View>
      <View
        style={
          Object {
            "alignItems": "flex-end",
            "width": "20%",
          }
        }
      >
        <Text
          allowFontScaling={false}
          style={
            Array [
              Object {
                "color": "black",
                "fontSize": 23,
              },
              undefined,
              Object {
                "fontFamily": "Ionicons",
                "fontStyle": "normal",
                "fontWeight": "normal",
              },
              Object {},
            ]
          }
        >
          ?
        </Text>
      </View>
    </View>
  </View>
</View>
`;
